******************************************************************************
             TMS320C2000 Linker PC v6.2.5                      
******************************************************************************
>> Linked Wed Oct 29 16:21:41 2014

OUTPUT FILE NAME:   <Ram Based.out>
ENTRY POINT SYMBOL: "_c_int00"  address: 000084c0


MEMORY CONFIGURATION

         name            origin    length      used     unused   attr    fill
----------------------  --------  ---------  --------  --------  ----  --------
PAGE 0:
  BEGIN                 00000000   00000002  00000000  00000002  RWIX
  RAMM0                 00000050   000003b0  00000058  00000358  RWIX
  PRAML0                00008000   00000900  00000596  0000036a  RWIX
  IQTABLES              003fe000   00000b50  00000000  00000b50  RWIX
  IQTABLES2             003feb50   0000008c  00000000  0000008c  RWIX
  IQTABLES3             003febdc   000000aa  00000000  000000aa  RWIX
  BOOTROM               003ff27c   00000d44  00000000  00000d44  RWIX
  RESET                 003fffc0   00000002  00000000  00000002  RWIX

PAGE 1:
  BOOT_RSVD             00000002   0000004e  00000000  0000004e  RWIX
  RAMM1                 00000400   00000400  00000300  00000100  RWIX
  DEV_EMU               00000880   00000105  00000004  00000101  RWIX
  SYS_PWR_CTL           00000985   00000003  00000003  00000000  RWIX
  FLASH_REGS            00000a80   00000060  00000008  00000058  RWIX
  CSM                   00000ae0   00000010  00000010  00000000  RWIX
  ADC_RESULT            00000b00   00000020  00000020  00000000  RWIX
  CPU_TIMER0            00000c00   00000008  00000008  00000000  RWIX
  CPU_TIMER1            00000c08   00000008  00000008  00000000  RWIX
  CPU_TIMER2            00000c10   00000008  00000008  00000000  RWIX
  PIE_CTRL              00000ce0   00000020  0000001a  00000006  RWIX
  PIE_VECT              00000d00   00000100  00000100  00000000  RWIX
  COMP1                 00006400   00000020  00000011  0000000f  RWIX
  COMP2                 00006420   00000020  00000011  0000000f  RWIX
  EPWM1                 00006800   00000040  00000040  00000000  RWIX
  EPWM2                 00006840   00000040  00000040  00000000  RWIX
  EPWM3                 00006880   00000040  00000040  00000000  RWIX
  EPWM4                 000068c0   00000040  00000040  00000000  RWIX
  ECAP1                 00006a00   00000020  00000020  00000000  RWIX
  GPIOCTRL              00006f80   00000040  00000040  00000000  RWIX
  GPIODAT               00006fc0   00000020  00000020  00000000  RWIX
  GPIOINT               00006fe0   00000020  0000000a  00000016  RWIX
  SYSTEM                00007010   00000020  0000001f  00000001  RWIX
  SPIA                  00007040   00000010  00000010  00000000  RWIX
  SCIA                  00007050   00000010  00000010  00000000  RWIX
  NMIINTRUPT            00007060   00000010  00000010  00000000  RWIX
  XINTRUPT              00007070   00000010  00000010  00000000  RWIX
  ADC                   00007100   00000080  00000051  0000002f  RWIX
  I2CA                  00007900   00000040  00000022  0000001e  RWIX
  DRAML0                00008900   00000700  00000470  00000290  RWIX
  PARTID                003d7fff   00000001  00000001  00000000  RWIX
  CSM_PWL               003f7ff8   00000008  00000008  00000000  RWIX


SECTION ALLOCATION MAP

 output                                  attributes/
section   page    origin      length       input sections
--------  ----  ----------  ----------   ----------------
.pinit     0    00000050    00000000     UNINITIALIZED

.cinit     0    00000050    00000058     
                  00000050    00000042     main.obj (.cinit)
                  00000092    0000000a     rts2800_ml.lib : _lock.obj (.cinit)
                  0000009c    0000000a                    : exit.obj (.cinit)
                  000000a6    00000002     --HOLE-- [fill = 0]

.text      0    00008000    00000596     
                  00008000    00000281     main.obj (.text)
                  00008281    000000ea     main.obj (.text:retain)
                  0000836b    00000083     rts2800_ml.lib : fs_div.obj (.text)
                  000083ee    00000078                    : fs_add.obj (.text)
                  00008466    0000005a                    : fs_mpy.obj (.text)
                  000084c0    00000044                    : boot.obj (.text)
                  00008504    0000001d                    : fs_tou.obj (.text)
                  00008521    00000019                    : args_main.obj (.text)
                  0000853a    00000019                    : exit.obj (.text)
                  00008553    00000017                    : fs_cmp.obj (.text)
                  0000856a    00000013                    : ul_tofs.obj (.text)
                  0000857d    00000010                    : u_tofs.obj (.text)
                  0000858d    00000009                    : _lock.obj (.text)

.reset     0    003fffc0    00000002     DSECT
                  003fffc0    00000002     rts2800_ml.lib : boot.obj (.reset)

.stack     1    00000400    00000300     UNINITIALIZED
                  00000400    00000300     --HOLE--

DevEmuRegsFile 
*          1    00000880    00000004     UNINITIALIZED
                  00000880    00000004     F2802x_GlobalVariableDefs.obj (DevEmuRegsFile)

SysPwrCtrlRegsFile 
*          1    00000985    00000003     UNINITIALIZED
                  00000985    00000003     F2802x_GlobalVariableDefs.obj (SysPwrCtrlRegsFile)

FlashRegsFile 
*          1    00000a80    00000008     UNINITIALIZED
                  00000a80    00000008     F2802x_GlobalVariableDefs.obj (FlashRegsFile)

CsmRegsFile 
*          1    00000ae0    00000010     UNINITIALIZED
                  00000ae0    00000010     F2802x_GlobalVariableDefs.obj (CsmRegsFile)

AdcResultFile 
*          1    00000b00    00000020     UNINITIALIZED
                  00000b00    00000020     F2802x_GlobalVariableDefs.obj (AdcResultFile)

CpuTimer0RegsFile 
*          1    00000c00    00000008     UNINITIALIZED
                  00000c00    00000008     F2802x_GlobalVariableDefs.obj (CpuTimer0RegsFile)

CpuTimer1RegsFile 
*          1    00000c08    00000008     UNINITIALIZED
                  00000c08    00000008     F2802x_GlobalVariableDefs.obj (CpuTimer1RegsFile)

CpuTimer2RegsFile 
*          1    00000c10    00000008     UNINITIALIZED
                  00000c10    00000008     F2802x_GlobalVariableDefs.obj (CpuTimer2RegsFile)

PieCtrlRegsFile 
*          1    00000ce0    0000001a     UNINITIALIZED
                  00000ce0    0000001a     F2802x_GlobalVariableDefs.obj (PieCtrlRegsFile)

PieVectTableFile 
*          1    00000d00    00000100     UNINITIALIZED
                  00000d00    00000100     F2802x_GlobalVariableDefs.obj (PieVectTableFile)

EmuKeyVar 
*          1    00000d00    00000001     UNINITIALIZED
                  00000d00    00000001     F2802x_GlobalVariableDefs.obj (EmuKeyVar)

EmuBModeVar 
*          1    00000d01    00000001     UNINITIALIZED
                  00000d01    00000001     F2802x_GlobalVariableDefs.obj (EmuBModeVar)

FlashCallbackVar 
*          1    00000d02    00000002     UNINITIALIZED
                  00000d02    00000002     F2802x_GlobalVariableDefs.obj (FlashCallbackVar)

FlashScalingVar 
*          1    00000d04    00000002     UNINITIALIZED
                  00000d04    00000002     F2802x_GlobalVariableDefs.obj (FlashScalingVar)

Comp1RegsFile 
*          1    00006400    00000011     UNINITIALIZED
                  00006400    00000011     F2802x_GlobalVariableDefs.obj (Comp1RegsFile)

Comp2RegsFile 
*          1    00006420    00000011     UNINITIALIZED
                  00006420    00000011     F2802x_GlobalVariableDefs.obj (Comp2RegsFile)

EPwm1RegsFile 
*          1    00006800    00000040     UNINITIALIZED
                  00006800    00000040     F2802x_GlobalVariableDefs.obj (EPwm1RegsFile)

EPwm2RegsFile 
*          1    00006840    00000040     UNINITIALIZED
                  00006840    00000040     F2802x_GlobalVariableDefs.obj (EPwm2RegsFile)

EPwm3RegsFile 
*          1    00006880    00000040     UNINITIALIZED
                  00006880    00000040     F2802x_GlobalVariableDefs.obj (EPwm3RegsFile)

EPwm4RegsFile 
*          1    000068c0    00000040     UNINITIALIZED
                  000068c0    00000040     F2802x_GlobalVariableDefs.obj (EPwm4RegsFile)

ECap1RegsFile 
*          1    00006a00    00000020     UNINITIALIZED
                  00006a00    00000020     F2802x_GlobalVariableDefs.obj (ECap1RegsFile)

GpioCtrlRegsFile 
*          1    00006f80    00000040     UNINITIALIZED
                  00006f80    00000040     F2802x_GlobalVariableDefs.obj (GpioCtrlRegsFile)

GpioDataRegsFile 
*          1    00006fc0    00000020     UNINITIALIZED
                  00006fc0    00000020     F2802x_GlobalVariableDefs.obj (GpioDataRegsFile)

GpioIntRegsFile 
*          1    00006fe0    0000000a     UNINITIALIZED
                  00006fe0    0000000a     F2802x_GlobalVariableDefs.obj (GpioIntRegsFile)

SysCtrlRegsFile 
*          1    00007010    0000001f     UNINITIALIZED
                  00007010    0000001f     F2802x_GlobalVariableDefs.obj (SysCtrlRegsFile)

SpiaRegsFile 
*          1    00007040    00000010     UNINITIALIZED
                  00007040    00000010     F2802x_GlobalVariableDefs.obj (SpiaRegsFile)

SciaRegsFile 
*          1    00007050    00000010     UNINITIALIZED
                  00007050    00000010     F2802x_GlobalVariableDefs.obj (SciaRegsFile)

NmiIntruptRegsFile 
*          1    00007060    00000010     UNINITIALIZED
                  00007060    00000010     F2802x_GlobalVariableDefs.obj (NmiIntruptRegsFile)

XIntruptRegsFile 
*          1    00007070    00000010     UNINITIALIZED
                  00007070    00000010     F2802x_GlobalVariableDefs.obj (XIntruptRegsFile)

AdcRegsFile 
*          1    00007100    00000051     UNINITIALIZED
                  00007100    00000051     F2802x_GlobalVariableDefs.obj (AdcRegsFile)

I2caRegsFile 
*          1    00007900    00000022     UNINITIALIZED
                  00007900    00000022     F2802x_GlobalVariableDefs.obj (I2caRegsFile)

.ebss      1    00008900    00000470     UNINITIALIZED
                  00008900    00000468     main.obj (.ebss)
                  00008d68    00000004     rts2800_ml.lib : _lock.obj (.ebss)
                  00008d6c    00000004                    : exit.obj (.ebss)

PartIdRegsFile 
*          1    003d7fff    00000001     UNINITIALIZED
                  003d7fff    00000001     F2802x_GlobalVariableDefs.obj (PartIdRegsFile)

CsmPwlFile 
*          1    003f7ff8    00000008     UNINITIALIZED
                  003f7ff8    00000008     F2802x_GlobalVariableDefs.obj (CsmPwlFile)


GLOBAL DATA SYMBOLS: SORTED BY DATA PAGE

address     data page           name
--------    ----------------    ----
00000400      10 (00000400)     __stack

00000880      22 (00000880)     _DevEmuRegs

00000985      26 (00000980)     _SysPwrCtrlRegs

00000a80      2a (00000a80)     _FlashRegs

00000ae0      2b (00000ac0)     _CsmRegs

00000b00      2c (00000b00)     _AdcResult

00000c00      30 (00000c00)     _CpuTimer0Regs
00000c08      30 (00000c00)     _CpuTimer1Regs
00000c10      30 (00000c00)     _CpuTimer2Regs

00000ce0      33 (00000cc0)     _PieCtrlRegs

00000d00      34 (00000d00)     _EmuKey
00000d00      34 (00000d00)     _PieVectTable
00000d01      34 (00000d00)     _EmuBMode
00000d02      34 (00000d00)     _Flash_CallbackPtr
00000d04      34 (00000d00)     _Flash_CPUScaleFactor

00006400     190 (00006400)     _Comp1Regs
00006420     190 (00006400)     _Comp2Regs

00006800     1a0 (00006800)     _EPwm1Regs

00006840     1a1 (00006840)     _EPwm2Regs

00006880     1a2 (00006880)     _EPwm3Regs

000068c0     1a3 (000068c0)     _EPwm4Regs

00006a00     1a8 (00006a00)     _ECap1Regs

00006f80     1be (00006f80)     _GpioCtrlRegs

00006fc0     1bf (00006fc0)     _GpioDataRegs
00006fe0     1bf (00006fc0)     _GpioIntRegs

00007010     1c0 (00007000)     _SysCtrlRegs

00007040     1c1 (00007040)     _SpiaRegs
00007050     1c1 (00007040)     _SciaRegs
00007060     1c1 (00007040)     _NmiIntruptRegs
00007070     1c1 (00007040)     _XIntruptRegs

00007100     1c4 (00007100)     _AdcRegs

00007900     1e4 (00007900)     _I2caRegs

00008900     224 (00008900)     _dataMax
00008901     224 (00008900)     _compareValue
00008902     224 (00008900)     _relMax
00008903     224 (00008900)     _dataMin
00008904     224 (00008900)     _runNum
00008905     224 (00008900)     _TBPRD
00008906     224 (00008900)     _pushButtonPressed
00008907     224 (00008900)     _resistanceComputed
00008908     224 (00008900)     _counter
00008909     224 (00008900)     _measuredValue
0000890a     224 (00008900)     _endpoint
0000890b     224 (00008900)     _dataMaxIndex
0000890c     224 (00008900)     _deltaTcomputed
0000890d     224 (00008900)     _dataMinIndex
0000890e     224 (00008900)     _startpoint
00008910     224 (00008900)     _deltaT
00008912     224 (00008900)     _finalResistance
00008914     224 (00008900)     _current
00008916     224 (00008900)     _finalCapacitance
00008918     224 (00008900)     _dataAverage
0000891a     224 (00008900)     _Vout
0000891c     224 (00008900)     _capacitance
0000891e     224 (00008900)     _resistance
00008920     224 (00008900)     _resistanceArray

00008940     225 (00008940)     _capacitanceArray

00008980     226 (00008980)     _dataArray

00008d68     235 (00008d40)     __unlock
00008d6a     235 (00008d40)     __lock
00008d6c     235 (00008d40)     ___TI_cleanup_ptr
00008d6e     235 (00008d40)     ___TI_dtors_ptr

003d7fff    f5ff (003d7fc0)     _PartIdRegs

003f7ff8    fdff (003f7fc0)     _CsmPwl


GLOBAL SYMBOLS: SORTED ALPHABETICALLY BY Name 

address    name
--------   ----
00008000   .text
0000853a   C$$EXIT
000083f3   FS$$ADD
00008553   FS$$CMP
0000836b   FS$$DIV
00008466   FS$$MPY
000083ee   FS$$SUB
00008504   FS$$TOU
0000857d   U$$TOFS
0000856a   UL$$TOFS
0000804f   _ADCInit
00008281   _AdcISR
00007100   _AdcRegs
00000b00   _AdcResult
00008146   _CheckPushButton3
00006400   _Comp1Regs
00006420   _Comp2Regs
00000c00   _CpuTimer0Regs
00000c08   _CpuTimer1Regs
00000c10   _CpuTimer2Regs
003f7ff8   _CsmPwl
00000ae0   _CsmRegs
00000880   _DevEmuRegs
00006a00   _ECap1Regs
00006800   _EPwm1Regs
00006840   _EPwm2Regs
00006880   _EPwm3Regs
000068c0   _EPwm4Regs
00000d01   _EmuBMode
00000d00   _EmuKey
00000a80   _FlashRegs
00000d04   _Flash_CPUScaleFactor
00000d02   _Flash_CallbackPtr
00006f80   _GpioCtrlRegs
00006fc0   _GpioDataRegs
00006fe0   _GpioIntRegs
00007900   _I2caRegs
00008108   _InterruptInit
00008123   _LedInit
00007060   _NmiIntruptRegs
0000809b   _PWMInit
003d7fff   _PartIdRegs
00000ce0   _PieCtrlRegs
00000d00   _PieVectTable
00007050   _SciaRegs
0000814f   _ServiceWatchdog
00007040   _SpiaRegs
0000801f   _SysClkInit
00007010   _SysCtrlRegs
00000985   _SysPwrCtrlRegs
00008905   _TBPRD
00008294   _TimerISR
00008030   _TimerInit
0000891a   _Vout
00007070   _XIntruptRegs
00000700   __STACK_END
00000300   __STACK_SIZE
00000001   __TI_args_main
00008d6c   ___TI_cleanup_ptr
00008d6e   ___TI_dtors_ptr
ffffffff   ___binit__
ffffffff   ___c_args__
00000050   ___cinit__
00008596   ___etext__
ffffffff   ___pinit__
00008000   ___text__
00008521   __args_main
00008d6a   __lock
00008595   __nop
00008591   __register_lock
0000858d   __register_unlock
00000400   __stack
00008d68   __unlock
0000853a   _abort
000084c0   _c_int00
0000891c   _capacitance
00008940   _capacitanceArray
00008901   _compareValue
00008908   _counter
00008914   _current
00008980   _dataArray
00008918   _dataAverage
00008900   _dataMax
0000890b   _dataMaxIndex
00008903   _dataMin
0000890d   _dataMinIndex
00008275   _delay
00008910   _deltaT
0000890c   _deltaTcomputed
000081d2   _end
0000890a   _endpoint
0000853c   _exit
00008916   _finalCapacitance
00008912   _finalResistance
00008206   _getDeltaT
0000822a   _getResistance
00008000   _main
00008159   _max
00008909   _measuredValue
0000817c   _min
00008906   _pushButtonPressed
00008902   _relMax
0000891e   _resistance
00008920   _resistanceArray
00008907   _resistanceComputed
00008904   _runNum
0000819e   _start
0000890e   _startpoint
ffffffff   binit
00000050   cinit
00008596   etext
ffffffff   pinit


GLOBAL SYMBOLS: SORTED BY Symbol Address 

address    name
--------   ----
00000001   __TI_args_main
00000050   ___cinit__
00000050   cinit
00000300   __STACK_SIZE
00000400   __stack
00000700   __STACK_END
00000880   _DevEmuRegs
00000985   _SysPwrCtrlRegs
00000a80   _FlashRegs
00000ae0   _CsmRegs
00000b00   _AdcResult
00000c00   _CpuTimer0Regs
00000c08   _CpuTimer1Regs
00000c10   _CpuTimer2Regs
00000ce0   _PieCtrlRegs
00000d00   _EmuKey
00000d00   _PieVectTable
00000d01   _EmuBMode
00000d02   _Flash_CallbackPtr
00000d04   _Flash_CPUScaleFactor
00006400   _Comp1Regs
00006420   _Comp2Regs
00006800   _EPwm1Regs
00006840   _EPwm2Regs
00006880   _EPwm3Regs
000068c0   _EPwm4Regs
00006a00   _ECap1Regs
00006f80   _GpioCtrlRegs
00006fc0   _GpioDataRegs
00006fe0   _GpioIntRegs
00007010   _SysCtrlRegs
00007040   _SpiaRegs
00007050   _SciaRegs
00007060   _NmiIntruptRegs
00007070   _XIntruptRegs
00007100   _AdcRegs
00007900   _I2caRegs
00008000   .text
00008000   ___text__
00008000   _main
0000801f   _SysClkInit
00008030   _TimerInit
0000804f   _ADCInit
0000809b   _PWMInit
00008108   _InterruptInit
00008123   _LedInit
00008146   _CheckPushButton3
0000814f   _ServiceWatchdog
00008159   _max
0000817c   _min
0000819e   _start
000081d2   _end
00008206   _getDeltaT
0000822a   _getResistance
00008275   _delay
00008281   _AdcISR
00008294   _TimerISR
0000836b   FS$$DIV
000083ee   FS$$SUB
000083f3   FS$$ADD
00008466   FS$$MPY
000084c0   _c_int00
00008504   FS$$TOU
00008521   __args_main
0000853a   C$$EXIT
0000853a   _abort
0000853c   _exit
00008553   FS$$CMP
0000856a   UL$$TOFS
0000857d   U$$TOFS
0000858d   __register_unlock
00008591   __register_lock
00008595   __nop
00008596   ___etext__
00008596   etext
00008900   _dataMax
00008901   _compareValue
00008902   _relMax
00008903   _dataMin
00008904   _runNum
00008905   _TBPRD
00008906   _pushButtonPressed
00008907   _resistanceComputed
00008908   _counter
00008909   _measuredValue
0000890a   _endpoint
0000890b   _dataMaxIndex
0000890c   _deltaTcomputed
0000890d   _dataMinIndex
0000890e   _startpoint
00008910   _deltaT
00008912   _finalResistance
00008914   _current
00008916   _finalCapacitance
00008918   _dataAverage
0000891a   _Vout
0000891c   _capacitance
0000891e   _resistance
00008920   _resistanceArray
00008940   _capacitanceArray
00008980   _dataArray
00008d68   __unlock
00008d6a   __lock
00008d6c   ___TI_cleanup_ptr
00008d6e   ___TI_dtors_ptr
003d7fff   _PartIdRegs
003f7ff8   _CsmPwl
ffffffff   ___binit__
ffffffff   ___c_args__
ffffffff   ___pinit__
ffffffff   binit
ffffffff   pinit

[112 symbols]
